// Jest Snapshot v1, https://goo.gl/fbAQLP

exports[`Login should render the Login page correctly 1`] = `ShallowWrapper {}`;
