// Jest Snapshot v1, https://goo.gl/fbAQLP

exports[`CashbackInfo should render correctly 1`] = `
<WithStyles(ForwardRef(Container))
  classes={
    Object {
      "root": "makeStyles-container-1",
    }
  }
  maxWidth="lg"
>
  <ForwardRef(Container)
    classes={
      Object {
        "disableGutters": "MuiContainer-disableGutters",
        "fixed": "MuiContainer-fixed",
        "maxWidthLg": "MuiContainer-maxWidthLg",
        "maxWidthMd": "MuiContainer-maxWidthMd",
        "maxWidthSm": "MuiContainer-maxWidthSm",
        "maxWidthXl": "MuiContainer-maxWidthXl",
        "maxWidthXs": "MuiContainer-maxWidthXs",
        "root": "MuiContainer-root makeStyles-container-1",
      }
    }
    maxWidth="lg"
  >
    <div
      className="MuiContainer-root makeStyles-container-1 MuiContainer-maxWidthLg"
    >
      <WithStyles(ForwardRef(Paper))
        classes={
          Object {
            "root": "makeStyles-paper-2",
          }
        }
      >
        <ForwardRef(Paper)
          classes={
            Object {
              "elevation0": "MuiPaper-elevation0",
              "elevation1": "MuiPaper-elevation1",
              "elevation10": "MuiPaper-elevation10",
              "elevation11": "MuiPaper-elevation11",
              "elevation12": "MuiPaper-elevation12",
              "elevation13": "MuiPaper-elevation13",
              "elevation14": "MuiPaper-elevation14",
              "elevation15": "MuiPaper-elevation15",
              "elevation16": "MuiPaper-elevation16",
              "elevation17": "MuiPaper-elevation17",
              "elevation18": "MuiPaper-elevation18",
              "elevation19": "MuiPaper-elevation19",
              "elevation2": "MuiPaper-elevation2",
              "elevation20": "MuiPaper-elevation20",
              "elevation21": "MuiPaper-elevation21",
              "elevation22": "MuiPaper-elevation22",
              "elevation23": "MuiPaper-elevation23",
              "elevation24": "MuiPaper-elevation24",
              "elevation3": "MuiPaper-elevation3",
              "elevation4": "MuiPaper-elevation4",
              "elevation5": "MuiPaper-elevation5",
              "elevation6": "MuiPaper-elevation6",
              "elevation7": "MuiPaper-elevation7",
              "elevation8": "MuiPaper-elevation8",
              "elevation9": "MuiPaper-elevation9",
              "outlined": "MuiPaper-outlined",
              "root": "MuiPaper-root makeStyles-paper-2",
              "rounded": "MuiPaper-rounded",
            }
          }
        >
          <div
            className="MuiPaper-root makeStyles-paper-2 MuiPaper-elevation1 MuiPaper-rounded"
          >
            <div>
              <WithStyles(ForwardRef(Typography))
                align="left"
                color="textPrimary"
              >
                <ForwardRef(Typography)
                  align="left"
                  classes={
                    Object {
                      "alignCenter": "MuiTypography-alignCenter",
                      "alignJustify": "MuiTypography-alignJustify",
                      "alignLeft": "MuiTypography-alignLeft",
                      "alignRight": "MuiTypography-alignRight",
                      "body1": "MuiTypography-body1",
                      "body2": "MuiTypography-body2",
                      "button": "MuiTypography-button",
                      "caption": "MuiTypography-caption",
                      "colorError": "MuiTypography-colorError",
                      "colorInherit": "MuiTypography-colorInherit",
                      "colorPrimary": "MuiTypography-colorPrimary",
                      "colorSecondary": "MuiTypography-colorSecondary",
                      "colorTextPrimary": "MuiTypography-colorTextPrimary",
                      "colorTextSecondary": "MuiTypography-colorTextSecondary",
                      "displayBlock": "MuiTypography-displayBlock",
                      "displayInline": "MuiTypography-displayInline",
                      "gutterBottom": "MuiTypography-gutterBottom",
                      "h1": "MuiTypography-h1",
                      "h2": "MuiTypography-h2",
                      "h3": "MuiTypography-h3",
                      "h4": "MuiTypography-h4",
                      "h5": "MuiTypography-h5",
                      "h6": "MuiTypography-h6",
                      "noWrap": "MuiTypography-noWrap",
                      "overline": "MuiTypography-overline",
                      "paragraph": "MuiTypography-paragraph",
                      "root": "MuiTypography-root",
                      "srOnly": "MuiTypography-srOnly",
                      "subtitle1": "MuiTypography-subtitle1",
                      "subtitle2": "MuiTypography-subtitle2",
                    }
                  }
                  color="textPrimary"
                >
                  <p
                    className="MuiTypography-root MuiTypography-body1 MuiTypography-colorTextPrimary MuiTypography-alignLeft"
                  >
                    Cashback
                  </p>
                </ForwardRef(Typography)>
              </WithStyles(ForwardRef(Typography))>
              <Styled(Component)>
                <ForwardRef(SvgCofrinho)
                  className="sc-AxjAm bVwRyt"
                >
                  <svg
                    className="sc-AxjAm bVwRyt"
                  >
                    cofrinho.svg
                  </svg>
                </ForwardRef(SvgCofrinho)>
              </Styled(Component)>
            </div>
            <WithStyles(ForwardRef(Typography))
              align="left"
              color="primary"
              variant="h4"
            >
              <ForwardRef(Typography)
                align="left"
                classes={
                  Object {
                    "alignCenter": "MuiTypography-alignCenter",
                    "alignJustify": "MuiTypography-alignJustify",
                    "alignLeft": "MuiTypography-alignLeft",
                    "alignRight": "MuiTypography-alignRight",
                    "body1": "MuiTypography-body1",
                    "body2": "MuiTypography-body2",
                    "button": "MuiTypography-button",
                    "caption": "MuiTypography-caption",
                    "colorError": "MuiTypography-colorError",
                    "colorInherit": "MuiTypography-colorInherit",
                    "colorPrimary": "MuiTypography-colorPrimary",
                    "colorSecondary": "MuiTypography-colorSecondary",
                    "colorTextPrimary": "MuiTypography-colorTextPrimary",
                    "colorTextSecondary": "MuiTypography-colorTextSecondary",
                    "displayBlock": "MuiTypography-displayBlock",
                    "displayInline": "MuiTypography-displayInline",
                    "gutterBottom": "MuiTypography-gutterBottom",
                    "h1": "MuiTypography-h1",
                    "h2": "MuiTypography-h2",
                    "h3": "MuiTypography-h3",
                    "h4": "MuiTypography-h4",
                    "h5": "MuiTypography-h5",
                    "h6": "MuiTypography-h6",
                    "noWrap": "MuiTypography-noWrap",
                    "overline": "MuiTypography-overline",
                    "paragraph": "MuiTypography-paragraph",
                    "root": "MuiTypography-root",
                    "srOnly": "MuiTypography-srOnly",
                    "subtitle1": "MuiTypography-subtitle1",
                    "subtitle2": "MuiTypography-subtitle2",
                  }
                }
                color="primary"
                variant="h4"
              >
                <h4
                  className="MuiTypography-root MuiTypography-h4 MuiTypography-colorPrimary MuiTypography-alignLeft"
                >
                  R$ 0.00
                </h4>
              </ForwardRef(Typography)>
            </WithStyles(ForwardRef(Typography))>
          </div>
        </ForwardRef(Paper)>
      </WithStyles(ForwardRef(Paper))>
    </div>
  </ForwardRef(Container)>
</WithStyles(ForwardRef(Container))>
`;
