// Jest Snapshot v1, https://goo.gl/fbAQLP

exports[`ErrorBoundary should render children correctly 1`] = `
<div>
  test
</div>
`;
